// Jest Snapshot v1, https://goo.gl/fbAQLP

exports[`Renders 1`] = `
<div
  className="home"
>
  <h3>
    Welcome to your new React-Boilerplate project!
  </h3>
  <p>
    To learn more about the capabilities of React-Boilerpalte go to the documentation on github.
  </p>
</div>
`;
