// Jest Snapshot v1, https://goo.gl/fbAQLP

exports[`Render 1`] = `
<div
  className="hello_world"
>
  Hello World
  <span
    className="hello_world__sub"
  >
    !
  </span>
</div>
`;
