// Jest Snapshot v1, https://goo.gl/fbAQLP

exports[`Renders 1`] = `
<div
  className="hello_world"
>
  New HelloWorld 
  <span
    className="hello_world__sub"
  >
    component.
  </span>
</div>
`;
